╔═════════════════════════════════════╗
║                                     ║
║       You Win!                      ║
║                                     ║
║    Score:  1250                     ║
║    Moves:  87                       ║
║    Time:   3:42                     ║
║                                     ║
║    [Ctrl+N] New Game    [Q] Quit    ║
║                                     ║
╚═════════════════════════════════════╝