 Score: 0       Moves: 0      Time: 00:00  Draw: 1           
                                                             
███████ ╭╌╌╌╌╌╮         ╭╌╌╌╌╌╮ ╭╌╌╌╌╌╮ ╭╌╌╌╌╌╮ ╭╌╌╌╌╌╮      
███╔══════════════════════════════════════════════╗   │      
███║                                              ║♣  │      
███║              KLONDIKE SOLITAIRE              ║   │      
███║                                              ║╌╌╌╯      
   ║   ▶ Draw Mode:   [ 1 ] [ 3 ]                 ║          
   ║     Theme:       ◄ classic ►                 ║          
▇▇▇║     Auto-Move:   [ON]  [OFF]                 ║▇▇▇▇      
   ║                                              ║▇▇▇▇      
   ║               [ Start New Game ]             ║▇▇▇▇      
   ║                                              ║▇▇▇▇      
   ║                 Seed: 12345                  ║▇▇▇▇      
   ║                                              ║▇▇▇▇      
   ╚══════════════════════════════════════════════╝▇▇▇▇      
                                                             
                                                             
 ←/→:move ↵:select ␣:draw (u)ndo (h)int (t)heme (q)uit       