 Score: 0       Moves: 0      Time: 00:00  Seed: 42          Draw: 1            
                                                                                
┌───────┐ ╭╌╌╌╌╌╌╌╮           ╭╌╌╌╌╌╌╌╮ ╭╌╌╌╌╌╌╌╮ ╭╌╌╌╌╌╌╌╮ ╭╌╌╌╌╌╌╌╮           
│░░░░░░░│ │       │           │       │ │       │ │       │ │       │           
│░░░░░░░│ │       │           │       │ │       │ │       │ │       │           
│░░░░░░░│ │       │           │   ♠   │ │   ♥   │ │   ♦   │ │   ♣   │           
│░░░░░░░│ │       │           │       │ │       │ │       │ │       │           
│░░░░░░░│ │       │           │       │ │       │ │       │ │       │           
└───────┘ ╰╌╌╌╌╌╌╌╯           ╰╌╌╌╌╌╌╌╯ ╰╌╌╌╌╌╌╌╯ ╰╌╌╌╌╌╌╌╯ ╰╌╌╌╌╌╌╌╯           
                                                                                
┌───────┐ ┌───────┐ ┌───────┐ ┌───────┐ ┌───────┐ ┌───────┐ ┌───────┐           
│K ♣    │           ┌───────┐ ┌───────┐ ┌───────┐ ┌───────┐ ┌───────┐           
│       │  9 ♦                ┌───────┐ ┌───────┐ ┌───────┐ ┌───────┐           
│       │            8 ♠                ┌───────┐ ┌───────┐ ┌───────┐           
│       │                      A ♥                ┌───────┐ ┌───────┐           
│    ♣ K│                                K ♠                ┌───────┐           
└───────┘      ♦ 9                                 3 ♥                          
                         ♠ 8                                 8 ♣                
                                   ♥ A                                          
                                             ♠ K                                
                                                       ♥ 3                      
                                                                 ♣ 8            
                                                                                
                                                                                
 ←/→: move  Enter: select  Space: draw  u: undo  ?: hint  t: theme  F1: help  q: