╔═══════════════════════════════╗
║                               ║
║          KLONDIKE SOLITAIRE   ║
║                               ║
║   Draw Mode:   [ 1 ] [ 3 ]    ║
║   Theme:       ◄ classic ►    ║
║   Auto-Move:   [ON]  [OFF]    ║
║                               ║
║          [ Start New Game ]   ║
║                               ║
║             Seed: 12345       ║
║                               ║
╚═══════════════════════════════╝